// Jest Snapshot v1, https://goo.gl/fbAQLP

exports[`Calculator Component matches snapshot 1`] = `
<DocumentFragment>
  <div
    class="calculator_header"
  >
    <h1
      class="header"
    >
      Let us do some math!
    </h1>
    <div
      class="parent"
    >
      <div
        class="input"
      >
        0
      </div>
      <button
        class="white-btn"
        type="button"
      >
        AC
      </button>
      <button
        class="white-btn"
        type="button"
      >
        +/-
      </button>
      <button
        class="white-btn"
        type="button"
      >
        %
      </button>
      <button
        class="orange-btn"
        type="button"
      >
        /
      </button>
      <button
        class="white-btn"
        type="button"
      >
        7
      </button>
      <button
        class="white-btn"
        type="button"
      >
        8
      </button>
      <button
        class="white-btn"
        type="button"
      >
        9
      </button>
      <button
        class="orange-btn"
        type="button"
      >
        x
      </button>
      <button
        class="white-btn"
        type="button"
      >
        4
      </button>
      <button
        class="white-btn"
        type="button"
      >
        5
      </button>
      <button
        class="white-btn"
        type="button"
      >
        6
      </button>
      <button
        class="orange-btn"
        type="button"
      >
        -
      </button>
      <button
        class="white-btn"
        type="button"
      >
        1
      </button>
      <button
        class="white-btn"
        type="button"
      >
        2
      </button>
      <button
        class="white-btn"
        type="button"
      >
        3
      </button>
      <button
        class="orange-btn"
        type="button"
      >
        +
      </button>
      <button
        class="white-btn zero"
        type="button"
      >
        0
      </button>
      <button
        class="white-btn"
        type="button"
      >
        .
      </button>
      <button
        class="orange-btn"
        type="button"
      >
        =
      </button>
    </div>
  </div>
</DocumentFragment>
`;

exports[`renders correctly if there is no items present 1`] = `
<div
  className="calculator_header"
>
  <h1
    className="header"
  >
    Let us do some math!
  </h1>
  <div
    className="parent"
  >
    <div
      className="input"
    >
      0
    </div>
    <button
      className="white-btn"
      onClick={[Function]}
      type="button"
    >
      AC
    </button>
    <button
      className="white-btn"
      onClick={[Function]}
      type="button"
    >
      +/-
    </button>
    <button
      className="white-btn"
      onClick={[Function]}
      type="button"
    >
      %
    </button>
    <button
      className="orange-btn"
      onClick={[Function]}
      type="button"
    >
      /
    </button>
    <button
      className="white-btn"
      onClick={[Function]}
      type="button"
    >
      7
    </button>
    <button
      className="white-btn"
      onClick={[Function]}
      type="button"
    >
      8
    </button>
    <button
      className="white-btn"
      onClick={[Function]}
      type="button"
    >
      9
    </button>
    <button
      className="orange-btn"
      onClick={[Function]}
      type="button"
    >
      x
    </button>
    <button
      className="white-btn"
      onClick={[Function]}
      type="button"
    >
      4
    </button>
    <button
      className="white-btn"
      onClick={[Function]}
      type="button"
    >
      5
    </button>
    <button
      className="white-btn"
      onClick={[Function]}
      type="button"
    >
      6
    </button>
    <button
      className="orange-btn"
      onClick={[Function]}
      type="button"
    >
      -
    </button>
    <button
      className="white-btn"
      onClick={[Function]}
      type="button"
    >
      1
    </button>
    <button
      className="white-btn"
      onClick={[Function]}
      type="button"
    >
      2
    </button>
    <button
      className="white-btn"
      onClick={[Function]}
      type="button"
    >
      3
    </button>
    <button
      className="orange-btn"
      onClick={[Function]}
      type="button"
    >
      +
    </button>
    <button
      className="white-btn zero"
      onClick={[Function]}
      type="button"
    >
      0
    </button>
    <button
      className="white-btn"
      onClick={[Function]}
      type="button"
    >
      .
    </button>
    <button
      className="orange-btn"
      onClick={[Function]}
      type="button"
    >
      =
    </button>
  </div>
</div>
`;
